// Jest Snapshot v1, https://goo.gl/fbAQLP

exports[`Form Image should render form image 1`] = `
<img
  alt="formImage"
  height={180}
  id="formImage"
  onError={[Function]}
  src="https://mock-path.png"
  width={270}
/>
`;

exports[`Form Image should use default form image on error 1`] = `
Object {
  "url": "https://designshack.net/wp-content/uploads/placeholder-image.png",
}
`;
