// Jest Snapshot v1, https://goo.gl/fbAQLP

exports[`Home Redirect should render home redirect 1`] = `
<Redirect
  to="/"
/>
`;
